
> splat-qr@0.12.1 typecheck
> nuxt typecheck

[nuxt] ℹ Running with compatibility version 4
